---
source: crates/site/src/asset.rs
expression: path
---
public/style.scss
