---
source: crates/site/src/page.rs
expression: path
---
public/posts/hello-world/index.html
