---
source: crates/site/src/templates.rs
expression: post.render()?
---
"<!DOCTYPE html>\n<html lang=\"en\">\n\n<head>\n    <meta name=\"viewport\" content=\"width=device-width, initial-scale=1\" />\n    <meta charset=\"utf-8\" />\n    <meta name=\"author\" content=\"Rayyan Cyclegar\" />\n    \n<title> Test </title>\n<meta name=\"og:title\" property=\"og:title\" content=\"Test\" />\n<meta name=\"twitter:title\" content=\"Test\" />\n<meta name=\"description\" content=\"&#60;p&#62;Hello World&#60;/p&#62;\n&#60;h2&#62;Part 1&#60;/h2&#62;\n&#60;p&#62;Some Content&#60;/p&#62;\n&#60;h2&#62;Part 2&#60;/h2&#62;\n&#60;p&#62;Some More Content&#60;/p&#62;\n&#60;h2 id=&#34;part3&#34;&#62;Part 3&#60;/h2&#62;\n&#60;p&#62;Even More Content&#60;/p&#62;\n\" />\n<meta name=\"og:description\" property=\"og:description\" content=\"&#60;p&#62;Hello World&#60;/p&#62;\n&#60;h2&#62;Part 1&#60;/h2&#62;\n&#60;p&#62;Some Content&#60;/p&#62;\n&#60;h2&#62;Part 2&#60;/h2&#62;\n&#60;p&#62;Some More Content&#60;/p&#62;\n&#60;h2 id=&#34;part3&#34;&#62;Part 3&#60;/h2&#62;\n&#60;p&#62;Even More Content&#60;/p&#62;\n\" />\n<meta name=\"twitter:description\" content=\"&#60;p&#62;Hello World&#60;/p&#62;\n&#60;h2&#62;Part 1&#60;/h2&#62;\n&#60;p&#62;Some Content&#60;/p&#62;\n&#60;h2&#62;Part 2&#60;/h2&#62;\n&#60;p&#62;Some More Content&#60;/p&#62;\n&#60;h2 id=&#34;part3&#34;&#62;Part 3&#60;/h2&#62;\n&#60;p&#62;Even More Content&#60;/p&#62;\n\" />\n\n</head>\n\n<body>\n    <div>\n        \n<div>\n    <h1>Test</h1>\n    <p>a, b, c</p>\n    <p>2025-01-01 06:00:00 UTC</p>\n\n    \n    <h2>Contents</h2>\n    <ul>\n        \n        <li>\n            \n            \n            \n            \n            <a href=\"#Part 1\">Part 1</a>\n        </li>\n        \n        <li>\n            \n            \n            \n            \n            <a href=\"#Part 2\">Part 2</a>\n        </li>\n        \n        <li>\n            \n            \n            \n            \n            <a href=\"part3\">Part 3</a>\n        </li>\n        \n    </ul>\n    \n\n    <p>Hello World</p>\n<h2><a id=\"Part 1\" href=\"Part 1\">Part 1</a></h2>\n<p>Some Content</p>\n<h2><a id=\"Part 2\" href=\"Part 2\">Part 2</a></h2>\n<p>Some More Content</p>\n<h2><a id=\"part3\" href=\"part3\">Part 3</a></h2>\n<p>Even More Content</p>\n\n</div>\n\n\n    </div>\n</body>\n\n</html>"
