---
source: crates/site/src/page.rs
expression: path
---
public/series/hello-world/index.html
