---
source: crates/site/src/page.rs
expression: path
---
public/index.html
