---
source: crates/site/src/page.rs
expression: path
---
public/posts/thisisaslug/index.html
