---
source: crates/site/src/asset.rs
expression: path
---
public/assets/style.scss
