---
source: crates/site/src/templates/mod.rs
expression: rendered
---
"\n<?xml version=\"1.0\" encoding=\"UTF-8\"?>\n<urlset xmlns=\"http://www.sitemaps.org/schemas/sitemap/0.9\">\n    <url>\n        <loc>https://example.com/series/testing/post-0</loc>\n        <lastmod>2025-03-12T08:00:00Z</lastmod>\n    </url>\n    <url>\n        <loc>https://example.com/series/testing/post-1</loc>\n        <lastmod>2025-03-12T08:00:00Z</lastmod>\n    </url>\n    <url>\n        <loc>https://example.com/series/testing/post-2</loc>\n        <lastmod>2025-03-12T08:00:00Z</lastmod>\n    </url>\n    <url>\n        <loc>https://example.com/series/testing/post-3</loc>\n        <lastmod>2025-03-12T08:00:00Z</lastmod>\n    </url>\n    <url>\n        <loc>https://example.com/series/testing/post-4</loc>\n        <lastmod>2025-03-12T08:00:00Z</lastmod>\n    </url>\n    <url>\n        <loc>https://example.com/series/testing/post-5</loc>\n        <lastmod>2025-03-12T08:00:00Z</lastmod>\n    </url>\n    <url>\n        <loc>https://example.com/series/testing/post-6</loc>\n        <lastmod>2025-03-12T08:00:00Z</lastmod>\n    </url>\n    <url>\n        <loc>https://example.com/series/testing/post-7</loc>\n        <lastmod>2025-03-12T08:00:00Z</lastmod>\n    </url>\n    <url>\n        <loc>https://example.com/series/testing/post-8</loc>\n        <lastmod>2025-03-12T08:00:00Z</lastmod>\n    </url>\n    <url>\n        <loc>https://example.com/series/testing/post-9</loc>\n        <lastmod>2025-03-12T08:00:00Z</lastmod>\n    </url>\n</urlset>"
