---
source: crates/site/src/templates/mod.rs
expression: rendered
---
"\n<?xml version=\"1.0\" encoding=\"UTF-8\">\n<feed xmlns=\"http://www.w3.org/2005/Atom\">\n    <title> none </title>\n    <link href=\"http://0.0.0.0:8000/atom.xml\" rel=\"self\" />\n    <link href=\"http://0.0.0.0:8000/\"/>\n    <updated> 2025-01-01T00:01:01+00:00 </updated>\n    <id> http://0.0.0.0:8000/atom.xml </id>\n    \n    \n    <entry>\n        <title> post-0 </title>\n        <published> 2025-01-01T06:00:00+00:00 </published>\n        <updated> 2025-03-12T08:00:00+00:00 </updated>\n        <id> https://example.com/series/testing/post-0 </id>\n        \n            <author>\n                <name> Unknown </name>\n            </author>\n        \n        <summary> <p>Hello World</p>\n </summary>\n        <content type=\"html\">\n            <p>Hello World</p>\n\n        </content>\n    </entry>\n    \n    \n    \n    <entry>\n        <title> post-1 </title>\n        <published> 2025-01-01T06:00:00+00:00 </published>\n        <updated> 2025-03-12T08:00:00+00:00 </updated>\n        <id> https://example.com/series/testing/post-1 </id>\n        \n            <author>\n                <name> Unknown </name>\n            </author>\n        \n        <summary> <p>Hello World</p>\n </summary>\n        <content type=\"html\">\n            <p>Hello World</p>\n\n        </content>\n    </entry>\n    \n    \n    \n    <entry>\n        <title> post-2 </title>\n        <published> 2025-01-01T06:00:00+00:00 </published>\n        <updated> 2025-03-12T08:00:00+00:00 </updated>\n        <id> https://example.com/series/testing/post-2 </id>\n        \n            <author>\n                <name> Unknown </name>\n            </author>\n        \n        <summary> <p>Hello World</p>\n </summary>\n        <content type=\"html\">\n            <p>Hello World</p>\n\n        </content>\n    </entry>\n    \n    \n    \n    <entry>\n        <title> post-3 </title>\n        <published> 2025-01-01T06:00:00+00:00 </published>\n        <updated> 2025-03-12T08:00:00+00:00 </updated>\n        <id> https://example.com/series/testing/post-3 </id>\n        \n            <author>\n                <name> Unknown </name>\n            </author>\n        \n        <summary> <p>Hello World</p>\n </summary>\n        <content type=\"html\">\n            <p>Hello World</p>\n\n        </content>\n    </entry>\n    \n    \n    \n    <entry>\n        <title> post-4 </title>\n        <published> 2025-01-01T06:00:00+00:00 </published>\n        <updated> 2025-03-12T08:00:00+00:00 </updated>\n        <id> https://example.com/series/testing/post-4 </id>\n        \n            <author>\n                <name> Unknown </name>\n            </author>\n        \n        <summary> <p>Hello World</p>\n </summary>\n        <content type=\"html\">\n            <p>Hello World</p>\n\n        </content>\n    </entry>\n    \n    \n    \n    <entry>\n        <title> post-5 </title>\n        <published> 2025-01-01T06:00:00+00:00 </published>\n        <updated> 2025-03-12T08:00:00+00:00 </updated>\n        <id> https://example.com/series/testing/post-5 </id>\n        \n            <author>\n                <name> Unknown </name>\n            </author>\n        \n        <summary> <p>Hello World</p>\n </summary>\n        <content type=\"html\">\n            <p>Hello World</p>\n\n        </content>\n    </entry>\n    \n    \n    \n    <entry>\n        <title> post-6 </title>\n        <published> 2025-01-01T06:00:00+00:00 </published>\n        <updated> 2025-03-12T08:00:00+00:00 </updated>\n        <id> https://example.com/series/testing/post-6 </id>\n        \n            <author>\n                <name> Unknown </name>\n            </author>\n        \n        <summary> <p>Hello World</p>\n </summary>\n        <content type=\"html\">\n            <p>Hello World</p>\n\n        </content>\n    </entry>\n    \n    \n    \n    <entry>\n        <title> post-7 </title>\n        <published> 2025-01-01T06:00:00+00:00 </published>\n        <updated> 2025-03-12T08:00:00+00:00 </updated>\n        <id> https://example.com/series/testing/post-7 </id>\n        \n            <author>\n                <name> Unknown </name>\n            </author>\n        \n        <summary> <p>Hello World</p>\n </summary>\n        <content type=\"html\">\n            <p>Hello World</p>\n\n        </content>\n    </entry>\n    \n    \n    \n    <entry>\n        <title> post-8 </title>\n        <published> 2025-01-01T06:00:00+00:00 </published>\n        <updated> 2025-03-12T08:00:00+00:00 </updated>\n        <id> https://example.com/series/testing/post-8 </id>\n        \n            <author>\n                <name> Unknown </name>\n            </author>\n        \n        <summary> <p>Hello World</p>\n </summary>\n        <content type=\"html\">\n            <p>Hello World</p>\n\n        </content>\n    </entry>\n    \n    \n    \n    <entry>\n        <title> post-9 </title>\n        <published> 2025-01-01T06:00:00+00:00 </published>\n        <updated> 2025-03-12T08:00:00+00:00 </updated>\n        <id> https://example.com/series/testing/post-9 </id>\n        \n            <author>\n                <name> Unknown </name>\n            </author>\n        \n        <summary> <p>Hello World</p>\n </summary>\n        <content type=\"html\">\n            <p>Hello World</p>\n\n        </content>\n    </entry>\n    \n    \n</feed>"
