---
source: crates/markdown/src/lib.rs
expression: document
---
date: "2025-01-01 06:00:00 UTC"
updated: "2025-01-01 06:00:00 UTC"
content: "<p>Hello World</p>\n"
toc: []
summary: "<p>Hello World</p>\n"
frontmatter:
  title: Test
  tags:
    - a
    - b
    - c
  template: ~
  completed: ~
  date: ~
  updated: ~
  series: ~
  slug: ~
  draft: false
